Script started on Sun Jan  2 14:32:44 2022

The default interactive shell is now zsh.
To update your account to use zsh, please run `chsh -s /bin/zsh`.
For more details, please visit https://support.apple.com/kb/HT208050.
[?1034hbash-3.2$ echo "heklk[K[Kl[K[Kllo"
hello
bash-3.2$ echo "hello"[7Pxit cho "Aviv"[4Prm echols[Kecho "hello"[C[C[C[C[C[C[C[C[C[Cwget google.com[C[C[C[C[C[C[C[C[C[Cgrep "react" README.md [C[C[C[C[C[C[C[C[C[C[C[C[C[C[C[8P[C[C[C[C[C[C[C[C[C[C[C[C[C[C[C[C[C[C[C[C[10Pls -lcd react-redux/[C[C[C[C[C[C[C[C[C[C[10Pls -lanpm starti redux-thunk[8Pstarti redux-thunk[8Pstart[4Pls -alcd react-redux/[C[C[C[C[C[C[C[C[C[C[10Pls -lgrep README.md [8@"react" [C[C[C[C[C[C[C[C[C[C[C[C[C[C[C[C[C[C[C[C[8Pwget google.com[C[C[C[C[C[C[C[C[C[C[3Pecho "hello"[C[C[C[C[C[C[C[C[C[Cls[Kecho "hello"[C[C[C[C[C[C[C[C[C[Cls[K[K[Kdocker images ls
REPOSITORY   TAG       IMAGE ID   CREATED   SIZE
bash-3.2$ pe[Kws
bash: pws: command not found
bash-3.2$ pws[Kd
/Users/avivyamin/VSCode Files/part12-containers-applications/script-answers
bash-3.2$ ls
exercise12_1.txt	exercise12_2.txt
bash-3.2$ docker images ls -a
REPOSITORY   TAG       IMAGE ID   CREATED   SIZE
bash-3.2$ docker ps
CONTAINER ID   IMAGE     COMMAND   CREATED   STATUS    PORTS     NAMES
bash-3.2$ cs[Kd ..
bash-3.2$ pwd
/Users/avivyamin/VSCode Files/part12-containers-applications
bash-3.2$ docker ps 
\CONTAINER ID   IMAGE     COMMAND   CREATED   STATUS    PORTS     NAMES
bash-3.2$ \[Kdocker images [K[K -a 
unknown shorthand flag: 'a' in -a
See 'docker image --help'.

Usage:  docker image COMMAND

Manage images

Commands:
  build       Build an image from a Dockerfile
  history     Show the history of an image
  import      Import the contents from a tarball to create a filesystem image
  inspect     Display detailed information on one or more images
  load        Load an image from a tar archive or STDIN
  ls          List images
  prune       Remove unused images
  pull        Pull an image or a repository from a registry
  push        Push an image or a repository to a registry
  rm          Remove one or more images
  save        Save one or more images to a tar archive (streamed to STDOUT by default)
  tag         Create a tag TARGET_IMAGE that refers to SOURCE_IMAGE

Run 'docker image COMMAND --help' for more information on a command.

bash-3.2$ docker image ls -a
REPOSITORY    TAG       IMAGE ID       CREATED        SIZE
ubuntu        latest    ba6acccedd29   2 months ago   72.8MB
hello-world   latest    feb5d9fea6a5   3 months ago   13.3kB
bash-3.2$ docker run oi[K[Kun[Kbuntu
bash-3.2$ docker ps
CONTAINER ID   IMAGE     COMMAND   CREATED   STATUS    PORTS     NAMES
bash-3.2$ docker psrun ubuntu [K[K[K[K[K[K[K[K[K[K[K[K[K[K[K[K[K[Kdocker pull un[Kbuntu
Using default tag: latest
latest: Pulling from library/ubuntu
Digest: sha256:626ffe58f6e7566e00254b638eb7e0f3b11d4da9675088f4781a50ae288f3322
Status: Image is up to date for ubuntu:latest
docker.io/library/ubuntu:latest
bash-3.2$ docker run hello-world

Hello from Docker!
This message shows that your installation appears to be working correctly.

To generate this message, Docker took the following steps:
 1. The Docker client contacted the Docker daemon.
 2. The Docker daemon pulled the "hello-world" image from the Docker Hub.
    (amd64)
 3. The Docker daemon created a new container from that image which runs the
    executable that produces the output you are currently reading.
 4. The Docker daemon streamed that output to the Docker client, which sent it
    to your terminal.

To try something more ambitious, you can run an Ubuntu container with:
 $ docker run -it ubuntu bash

Share images, automate workflows, and more with a free Docker ID:
 https://hub.docker.com/

For more examples and ideas, visit:
 https://docs.docker.com/get-started/

bash-3.2$ docker run -it ubuntu n[Kbash
]0;root@0bfbb5cb5407: /root@0bfbb5cb5407:/# mkdir /usr/src/app
]0;root@0bfbb5cb5407: /root@0bfbb5cb5407:/# ls
[0m[01;36mbin[0m  [01;34mboot[0m  [01;34mdev[0m  [01;34metc[0m  [01;34mhome[0m  [01;36mlib[0m  [01;36mlib32[0m  [01;36mlib64[0m  [01;36mlibx32[0m  [01;34mmedia[0m  [01;34mmnt[0m  [01;34mopt[0m  [01;34mproc[0m  [01;34mroot[0m  [01;34mrun[0m  [01;36msbin[0m  [01;34msrv[0m  [01;34msys[0m  [30;42mtmp[0m  [01;34musr[0m  [01;34mvar[0m
]0;root@0bfbb5cb5407: /root@0bfbb5cb5407:/# cd usr
]0;root@0bfbb5cb5407: /usrroot@0bfbb5cb5407:/usr# pwd
/usr
]0;root@0bfbb5cb5407: /usrroot@0bfbb5cb5407:/usr# ls
[0m[01;34mbin[0m  [01;34mgames[0m  [01;34minclude[0m  [01;34mlib[0m  [01;34mlib32[0m  [01;34mlib64[0m  [01;34mlibx32[0m  [01;34mlocal[0m  [01;34msbin[0m  [01;34mshare[0m  [01;34msrc[0m
]0;root@0bfbb5cb5407: /usrroot@0bfbb5cb5407:/usr# cd src
]0;root@0bfbb5cb5407: /usr/srcroot@0bfbb5cb5407:/usr/src# ls
[0m[01;34mapp[0m
]0;root@0bfbb5cb5407: /usr/srcroot@0bfbb5cb5407:/usr/src# cd app
]0;root@0bfbb5cb5407: /usr/src/approot@0bfbb5cb5407:/usr/src/app# ls
]0;root@0bfbb5cb5407: /usr/src/approot@0bfbb5cb5407:/usr/src/app# cd //  ../..// ..   
]0;root@0bfbb5cb5407: /usrroot@0bfbb5cb5407:/usr# cd ..
]0;root@0bfbb5cb5407: /root@0bfbb5cb5407:/# ls
[0m[01;36mbin[0m  [01;34mboot[0m  [01;34mdev[0m  [01;34metc[0m  [01;34mhome[0m  [01;36mlib[0m  [01;36mlib32[0m  [01;36mlib64[0m  [01;36mlibx32[0m  [01;34mmedia[0m  [01;34mmnt[0m  [01;34mopt[0m  [01;34mproc[0m  [01;34mroot[0m  [01;34mrun[0m  [01;36msbin[0m  [01;34msrv[0m  [01;34msys[0m  [30;42mtmp[0m  [01;34musr[0m  [01;34mvar[0m
]0;root@0bfbb5cb5407: /root@0bfbb5cb5407:/# touch /usr/src/app/index.js
]0;root@0bfbb5cb5407: /root@0bfbb5cb5407:/# [Kls /usr/app   src. /app
index.js
]0;root@0bfbb5cb5407: /root@0bfbb5cb5407:/# exit
exit
bash-3.2$ conat[K[Ktainer ls -a 
bash: container: command not found
bash-3.2$ docker container ls -a
CONTAINER ID   IMAGE         COMMAND    CREATED          STATUS                        PORTS     NAMES
0bfbb5cb5407   ubuntu        "bash"     5 minutes ago    Exited (0) 3 minutes ago                crazy_jepsen
e11929c3a21b   hello-world   "/hello"   6 minutes ago    Exited (0) 6 minutes ago                nifty_montalcini
892fc9f523be   ubuntu        "bash"     7 minutes ago    Exited (0) 7 minutes ago                eloquent_jones
07f84673a9fd   ubuntu        "bash"     26 minutes ago   Exited (130) 24 minutes ago             ecstatic_gagarin
c1b2f070a04f   hello-world   "/hello"   30 minutes ago   Exited (0) 30 minutes ago               sleepy_sanderson
5e8342a74ed5   hello-world   "/hello"   39 minutes ago   Exited (0) 39 minutes ago               gallant_easley
bash-3.2$ docker starrt[K[Kt crazy_jepsen
crazy_jepsen
bash-3.2$ ls
helper.txt	script-answers	todo-app
bash-3.2$ ps
  PID TTY           TIME CMD
53295 ttys000    0:00.01 bash --login
53810 ttys001    0:00.14 /bin/bash -l
54853 ttys001    0:00.04 script exercise12_2.txt
54854 ttys002    0:00.04 /bin/bash -i
bash-3.2$ docker ps
CONTAINER ID   IMAGE     COMMAND   CREATED         STATUS          PORTS     NAMES
0bfbb5cb5407   ubuntu    "bash"    7 minutes ago   Up 13 seconds             crazy_jepsen
bash-3.2$ kil [K[K[K[Kdicker kill [K[K[K[K[K[K[K[K[K[K[Kocker kill j[Kcrazy_jepsen
crazy_jepsen
bash-3.2$ co[K[Kdocker contaio[Kner ls -a
CONTAINER ID   IMAGE         COMMAND    CREATED          STATUS                        PORTS     NAMES
0bfbb5cb5407   ubuntu        "bash"     9 minutes ago    Exited (137) 28 seconds ago             crazy_jepsen
e11929c3a21b   hello-world   "/hello"   9 minutes ago    Exited (0) 9 minutes ago                nifty_montalcini
892fc9f523be   ubuntu        "bash"     10 minutes ago   Exited (0) 10 minutes ago               eloquent_jones
07f84673a9fd   ubuntu        "bash"     30 minutes ago   Exited (130) 27 minutes ago             ecstatic_gagarin
c1b2f070a04f   hello-world   "/hello"   33 minutes ago   Exited (0) 33 minutes ago               sleepy_sanderson
5e8342a74ed5   hello-world   "/hello"   42 minutes ago   Exited (0) 42 minutes ago               gallant_easley
bash-3.2$ docker start -i ca[Krazy_jepsen
]0;root@0bfbb5cb5407: /root@0bfbb5cb5407:/# apt  -get update
0% [Working]            Get:1 http://security.ubuntu.com/ubuntu focal-security InRelease [114 kB]
0% [Waiting for headers] [1 InRelease 0 B/114 kB 0%]                                                    Get:2 http://archive.ubuntu.com/ubuntu focal InRelease [265 kB]
0% [2 InRelease 2627 B/265 kB 1%] [1 InRelease 14.0 kB/114 kB 12%]                                                                  0% [2 InRelease 56.8 kB/265 kB 21%]                                   0% [2 InRelease 113 kB/265 kB 42%]                                  Get:3 http://security.ubuntu.com/ubuntu focal-security/multiverse amd64 Packages [30.1 kB]
0% [2 InRelease 114 kB/265 kB 43%] [3 Packages 11.2 kB/30.1 kB 37%]                                                                   0% [2 InRelease 114 kB/265 kB 43%]0% [3 Packages store 0 B] [2 InRelease 114 kB/265 kB 43%] [Waiting for headers]                                                                               0% [2 InRelease 114 kB/265 kB 43%] [Waiting for headers]                                                        Get:4 http://security.ubuntu.com/ubuntu focal-security/main amd64 Packages [1335 kB]
0% [2 InRelease 212 kB/265 kB 80%] [4 Packages 1217 B/1335 kB 0%]                                                                 0% [4 Packages 48.9 kB/1335 kB 4%]0% [Waiting for headers] [4 Packages 158 kB/1335 kB 12%]                                                        Get:5 http://archive.ubuntu.com/ubuntu focal-updates InRelease [114 kB]
0% [5 InRelease 6828 B/114 kB 6%] [4 Packages 221 kB/1335 kB 17%]                                                                 0% [4 Packages 283 kB/1335 kB 21%]0% [Connecting to archive.ubuntu.com (91.189.88.142)] [4 Packages 311 kB/1335 kB 23%]                                                                                     Get:6 http://archive.ubuntu.com/ubuntu focal-backports InRelease [108 kB]
                                                                                     0% [6 InRelease 4068 B/108 kB 4%] [4 Packages 490 kB/1335 kB 37%]0% [6 InRelease 65.4 kB/108 kB 60%] [4 Packages 687 kB/1335 kB 51%]                                                                   0% [4 Packages 797 kB/1335 kB 60%]19% [Connecting to archive.ubuntu.com (91.189.88.142)] [4 Packages 824 kB/1335 kB 62%]                                                                                      19% [Waiting for headers] [4 Packages 981 kB/1335 kB 73%]                                                         Get:7 http://archive.ubuntu.com/ubuntu focal/multiverse amd64 Packages [177 kB]
19% [7 Packages 4111 B/177 kB 2%] [4 Packages 987 kB/1335 kB 74%]20% [7 Packages 43.0 kB/177 kB 24%] [4 Packages 1106 kB/1335 kB 83%]                                                                    21% [7 Packages 101 kB/177 kB 57%] [4 Packages 1225 kB/1335 kB 92%]                                                                   21% [4 Packages 1314 kB/1335 kB 98%]21% [7 Packages store 0 B] [Waiting for headers] [4 Packages 1314 kB/1335 kB 98%]                                                                                 22% [Waiting for headers] [4 Packages 1314 kB/1335 kB 98%]                                                          22% [Waiting for headers] [Waiting for headers]                                               Get:8 http://security.ubuntu.com/ubuntu focal-security/universe amd64 Packages [828 kB]
22% [Waiting for headers] [8 Packages 7210 B/828 kB 1%]22% [4 Packages store 0 B] [Waiting for headers] [8 Packages 7210 B/828 kB 1%]                                                                              22% [Waiting for headers] [8 Packages 18.6 kB/828 kB 2%]                                                        Get:9 http://archive.ubuntu.com/ubuntu focal/restricted amd64 Packages [33.4 kB]
23% [9 Packages 8433 B/33.4 kB 25%] [8 Packages 74.3 kB/828 kB 9%]                                                                  23% [8 Packages 94.3 kB/828 kB 11%]23% [9 Packages store 0 B] [Waiting for headers] [8 Packages 94.3 kB/828 kB 11%]                                                                                23% [Waiting for headers] [8 Packages 94.3 kB/828 kB 11%]                                                         Get:10 http://archive.ubuntu.com/ubuntu focal/universe amd64 Packages [11.3 MB]
24% [10 Packages 2668 B/11.3 MB 0%] [8 Packages 189 kB/828 kB 23%]                                                                                                              392 kB/s 45s24% [10 Packages 83.3 kB/11.3 MB 1%] [8 Packages 259 kB/828 kB 31%]                                                                                                             392 kB/s 44s27% [10 Packages 449 kB/11.3 MB 4%] [8 Packages 484 kB/828 kB 58%]                                                                                                              392 kB/s 43s27% [10 Packages 554 kB/11.3 MB 5%] [8 Packages 554 kB/828 kB 67%]                                                                                                              392 kB/s 42s28% [10 Packages 718 kB/11.3 MB 6%] [8 Packages 607 kB/828 kB 73%]                                                                                                              392 kB/s 42s30% [10 Packages 950 kB/11.3 MB 8%] [8 Packages 734 kB/828 kB 89%]                                                                                                              392 kB/s 41s30% [10 Packages 950 kB/11.3 MB 8%] [8 Packages 735 kB/828 kB 89%]                                                                                                              392 kB/s 41s31% [10 Packages 1103 kB/11.3 MB 10%] [Waiting for headers]                                                                                                                     392 kB/s 40s                                                                                                                                                                                            Get:11 http://security.ubuntu.com/ubuntu focal-security/restricted amd64 Packages [733 kB]
31% [10 Packages 1103 kB/11.3 MB 10%] [11 Packages 0 B/733 kB 0%]                                                                                                               392 kB/s 40s31% [8 Packages store 0 B] [10 Packages 1103 kB/11.3 MB 10%] [11 Packages 22.7 kB/733 kB 3%]                                                                                    392 kB/s 40s31% [10 Packages 1103 kB/11.3 MB 10%] [11 Packages 25.5 kB/733 kB 3%]                                                                                                           392 kB/s 40s32% [10 Packages 1251 kB/11.3 MB 11%] [11 Packages 72.6 kB/733 kB 10%]                                                                                                          392 kB/s 40s33% [10 Packages 1348 kB/11.3 MB 12%] [11 Packages 120 kB/733 kB 16%]                                                                                                           392 kB/s 39s34% [10 Packages 1444 kB/11.3 MB 13%] [11 Packages 221 kB/733 kB 30%]                                                                                                           392 kB/s 39s34% [10 Packages 1615 kB/11.3 MB 14%] [11 Packages 253 kB/733 kB 34%]                                                                                                           392 kB/s 38s35% [10 Packages 1716 kB/11.3 MB 15%] [11 Packages 283 kB/733 kB 39%]                                                                                                           392 kB/s 38s35% [10 Packages 1716 kB/11.3 MB 15%] [11 Packages 327 kB/733 kB 45%]                                                                                                           420 kB/s 35s36% [10 Packages 1898 kB/11.3 MB 17%] [11 Packages 344 kB/733 kB 47%]                                                                                                           420 kB/s 35s39% [10 Packages 2350 kB/11.3 MB 21%] [11 Packages 620 kB/733 kB 85%]                                                                                                           420 kB/s 33s39% [10 Packages 2435 kB/11.3 MB 21%] [11 Packages 711 kB/733 kB 97%]                                                                                                           420 kB/s 33s40% [10 Packages 2514 kB/11.3 MB 22%]                                                                                                                                           420 kB/s 33s40% [11 Packages store 0 B] [10 Packages 2532 kB/11.3 MB 22%]                                                                                                                   420 kB/s 32s41% [10 Packages 2599 kB/11.3 MB 23%]                                                                                                                                           420 kB/s 32s41% [10 Packages 2772 kB/11.3 MB 24%]                                                                                                                                           420 kB/s 32s42% [10 Packages 2950 kB/11.3 MB 26%]                                                                                                                                           420 kB/s 31s43% [10 Packages 3187 kB/11.3 MB 28%]                                                                                                                                           420 kB/s 31s44% [10 Packages 3398 kB/11.3 MB 30%]                                                                                                                                           420 kB/s 30s45% [10 Packages 3616 kB/11.3 MB 32%]                                                                                                                                           420 kB/s 30s46% [10 Packages 3849 kB/11.3 MB 34%]                                                                                                                                           420 kB/s 29s47% [10 Packages 4087 kB/11.3 MB 36%]                                                                                                                                           420 kB/s 29s48% [10 Packages 4308 kB/11.3 MB 38%]                                                                                                                                           420 kB/s 28s48% [10 Packages 4529 kB/11.3 MB 40%]                                                                                                                                           522 kB/s 22s49% [10 Packages 4711 kB/11.3 MB 42%]                                                                                                                                           522 kB/s 22s50% [10 Packages 4942 kB/11.3 MB 44%]                                                                                                                                           522 kB/s 21s51% [10 Packages 5188 kB/11.3 MB 46%]                                                                                                                                           522 kB/s 21s52% [10 Packages 5421 kB/11.3 MB 48%]                                                                                                                                           522 kB/s 21s53% [10 Packages 5668 kB/11.3 MB 50%]                                                                                                                                           522 kB/s 20s54% [10 Packages 5956 kB/11.3 MB 52%]                                                                                                                                           522 kB/s 20s55% [10 Packages 6213 kB/11.3 MB 55%]                                                                                                                                           522 kB/s 19s56% [10 Packages 6486 kB/11.3 MB 57%]                                                                                                                                           522 kB/s 18s57% [10 Packages 6762 kB/11.3 MB 60%]                                                                                                                                           522 kB/s 18s58% [10 Packages 6997 kB/11.3 MB 62%]                                                                                                                                           522 kB/s 18s59% [10 Packages 7299 kB/11.3 MB 64%]                                                                                                                                           522 kB/s 17s61% [10 Packages 7610 kB/11.3 MB 67%]                                                                                                                                           511 kB/s 17s62% [10 Packages 7881 kB/11.3 MB 69%]                                                                                                                                           511 kB/s 16s63% [10 Packages 8129 kB/11.3 MB 72%]                                                                                                                                           511 kB/s 16s63% [10 Packages 8251 kB/11.3 MB 73%]                                                                                                                                           511 kB/s 15s64% [10 Packages 8546 kB/11.3 MB 75%]                                                                                                                                           511 kB/s 15s65% [10 Packages 8679 kB/11.3 MB 77%]                                                                                                                                           511 kB/s 15s65% [10 Packages 8807 kB/11.3 MB 78%]                                                                                                                                           511 kB/s 14s66% [10 Packages 8949 kB/11.3 MB 79%]                                                                                                                                           511 kB/s 14s67% [10 Packages 9157 kB/11.3 MB 81%]                                                                                                                                           511 kB/s 14s68% [10 Packages 9383 kB/11.3 MB 83%]                                                                                                                                           511 kB/s 13s69% [10 Packages 9592 kB/11.3 MB 85%]                                                                                                                                           511 kB/s 13s69% [10 Packages 9783 kB/11.3 MB 86%]                                                                                                                                           511 kB/s 12s70% [10 Packages 10.0 MB/11.3 MB 88%]                                                                                                                                           401 kB/s 15s71% [10 Packages 10.2 MB/11.3 MB 90%]                                                                                                                                           401 kB/s 15s72% [10 Packages 10.5 MB/11.3 MB 92%]                                                                                                                                           401 kB/s 14s73% [10 Packages 10.8 MB/11.3 MB 95%]                                                                                                                                           401 kB/s 14s74% [10 Packages 11.0 MB/11.3 MB 97%]                                                                                                                                           401 kB/s 13s75% [10 Packages 11.2 MB/11.3 MB 99%]                                                                                                                                           401 kB/s 12s76% [Waiting for headers]                                                                                                                                                       401 kB/s 12s76% [10 Packages store 0 B] [Waiting for headers]                                                                                                                               401 kB/s 12s                                                                                                                                                                                            Get:12 http://archive.ubuntu.com/ubuntu focal/main amd64 Packages [1275 kB]
76% [10 Packages store 0 B] [12 Packages 2669 B/1275 kB 0%]                                                                                                                     401 kB/s 12s77% [12 Packages 201 kB/1275 kB 16%]                                                                                                                                            401 kB/s 12s78% [12 Packages 426 kB/1275 kB 33%]                                                                                                                                            401 kB/s 11s79% [12 Packages 661 kB/1275 kB 52%]                                                                                                                                            401 kB/s 10s80% [12 Packages 926 kB/1275 kB 73%]                                                                                                                                            401 kB/s 10s81% [12 Packages 1165 kB/1275 kB 91%]                                                                                                                                            401 kB/s 9s81% [Working]                                                                                                                                                                    401 kB/s 9s81% [12 Packages store 0 B] [Waiting for headers]                                                                                                                                401 kB/s 9s82% [Waiting for headers]                                                                                                                                                        401 kB/s 9s                                                                                                                                                                                            Get:13 http://archive.ubuntu.com/ubuntu focal-updates/main amd64 Packages [1758 kB]
82% [13 Packages 14.4 kB/1758 kB 1%]                                                                                                                                             401 kB/s 9s83% [13 Packages 223 kB/1758 kB 13%]                                                                                                                                             457 kB/s 7s83% [13 Packages 449 kB/1758 kB 26%]                                                                                                                                             457 kB/s 7s84% [13 Packages 676 kB/1758 kB 38%]                                                                                                                                             457 kB/s 6s85% [13 Packages 888 kB/1758 kB 51%]                                                                                                                                             457 kB/s 6s86% [13 Packages 1113 kB/1758 kB 63%]                                                                                                                                            457 kB/s 5s87% [13 Packages 1322 kB/1758 kB 75%]                                                                                                                                            457 kB/s 5s88% [13 Packages 1546 kB/1758 kB 88%]                                                                                                                                            457 kB/s 4s89% [Working]                                                                                                                                                                    457 kB/s 4s89% [13 Packages store 0 B] [Waiting for headers]                                                                                                                                457 kB/s 4s89% [Waiting for headers]                                                                                                                                                        457 kB/s 4s                                                                                                                                                                                            Get:14 http://archive.ubuntu.com/ubuntu focal-updates/universe amd64 Packages [1108 kB]
89% [14 Packages 6989 B/1108 kB 1%]                                                                                                                                              457 kB/s 4s90% [14 Packages 211 kB/1108 kB 19%]                                                                                                                                             457 kB/s 3s91% [14 Packages 425 kB/1108 kB 38%]                                                                                                                                             457 kB/s 3s92% [14 Packages 649 kB/1108 kB 59%]                                                                                                                                             457 kB/s 2s92% [14 Packages 728 kB/1108 kB 66%]                                                                                                                                             457 kB/s 2s94% [14 Packages 1100 kB/1108 kB 99%]                                                                                                                                            432 kB/s 2s94% [Waiting for headers]                                                                                                                                                        432 kB/s 2s94% [14 Packages store 0 B] [Waiting for headers]                                                                                                                                432 kB/s 2s94% [Waiting for headers]                                                                                                                                                        432 kB/s 2s                                                                                                                                                                                            Get:15 http://archive.ubuntu.com/ubuntu focal-updates/multiverse amd64 Packages [33.6 kB]
94% [15 Packages 5573 B/33.6 kB 17%]                                                                                                                                             432 kB/s 2s94% [Working]                                                                                                                                                                    432 kB/s 2s94% [15 Packages store 0 B] [Waiting for headers]                                                                                                                                432 kB/s 2s95% [Waiting for headers]                                                                                                                                                        432 kB/s 2s                                                                                                                                                                                            Get:16 http://archive.ubuntu.com/ubuntu focal-updates/restricted amd64 Packages [797 kB]
95% [16 Packages 5551 B/797 kB 1%]                                                                                                                                               432 kB/s 2s95% [16 Packages 139 kB/797 kB 17%]                                                                                                                                              432 kB/s 1s96% [16 Packages 311 kB/797 kB 39%]                                                                                                                                              432 kB/s 1s97% [16 Packages 495 kB/797 kB 62%]                                                                                                                                              432 kB/s 0s98% [16 Packages 698 kB/797 kB 88%]                                                                                                                                              432 kB/s 0s98% [Working]                                                                                                                                                                    432 kB/s 0s98% [16 Packages store 0 B] [Waiting for headers]                                                                                                                                432 kB/s 0s99% [Waiting for headers]                                                                                                                                                        432 kB/s 0s                                                                                                                                                                                            Get:17 http://archive.ubuntu.com/ubuntu focal-backports/universe amd64 Packages [21.7 kB]
99% [17 Packages 1233 B/21.7 kB 6%]                                                                                                                                              432 kB/s 0s99% [Working]                                                                                                                                                                    432 kB/s 0s99% [17 Packages store 0 B] [Waiting for headers]                                                                                                                                432 kB/s 0s99% [Waiting for headers]                                                                                                                                                        432 kB/s 0s                                                                                                                                                                                            Get:18 http://archive.ubuntu.com/ubuntu focal-backports/main amd64 Packages [50.8 kB]
99% [18 Packages 4096 B/50.8 kB 8%]                                                                                                                                              432 kB/s 0s99% [Working]                                                                                                                                                                    432 kB/s 0s99% [18 Packages store 0 B]                                                                                                                                                      432 kB/s 0s100% [Working]                                                                                                                                                                   432 kB/s 0s                                                                                                                                                                                            Fetched 20.1 MB in 46s (437 kB/s)
Reading package lists... 0%Reading package lists... 0%Reading package lists... 0%Reading package lists... 6%Reading package lists... 6%Reading package lists... 6%Reading package lists... 6%Reading package lists... 64%Reading package lists... 64%Reading package lists... 65%Reading package lists... 65%Reading package lists... 73%Reading package lists... 73%Reading package lists... 77%Reading package lists... 77%Reading package lists... 80%Reading package lists... 83%Reading package lists... 83%Reading package lists... 84%Reading package lists... 84%Reading package lists... 84%Reading package lists... 84%Reading package lists... 84%Reading package lists... 84%Reading package lists... 90%Reading package lists... 90%Reading package lists... 94%Reading package lists... 94%Reading package lists... 99%Reading package lists... 99%Reading package lists... 99%Reading package lists... 99%Reading package lists... Done
]0;root@0bfbb5cb5407: /root@0bfbb5cb5407:/# nano /use r.src.app. /index.kj  js
bash: nano: command not found
]0;root@0bfbb5cb5407: /root@0bfbb5cb5407:/# [Kapt-get -y install nano
Reading package lists... 0%Reading package lists... 0%Reading package lists... 0%Reading package lists... 6%Reading package lists... 6%Reading package lists... 6%Reading package lists... 6%Reading package lists... 64%Reading package lists... 64%Reading package lists... 65%Reading package lists... 65%Reading package lists... 73%Reading package lists... 73%Reading package lists... 77%Reading package lists... 77%Reading package lists... 83%Reading package lists... 83%Reading package lists... 84%Reading package lists... 84%Reading package lists... 84%Reading package lists... 84%Reading package lists... 84%Reading package lists... 84%Reading package lists... 90%Reading package lists... 90%Reading package lists... 94%Reading package lists... 94%Reading package lists... 97%Reading package lists... 99%Reading package lists... 99%Reading package lists... 99%Reading package lists... 99%Reading package lists... Done
Building dependency tree... 0%Building dependency tree... 0%Building dependency tree... 50%Building dependency tree... 50%Building dependency tree       
Reading state information... 0%Reading state information... 0%Reading state information... Done
Suggested packages:
  hunspell
The following NEW packages will be installed:
  nano
0 upgraded, 1 newly installed, 0 to remove and 1 not upgraded.
Need to get 269 kB of archives.
After this operation, 868 kB of additional disk space will be used.
0% [Working]            Get:1 http://archive.ubuntu.com/ubuntu focal/main amd64 nano amd64 4.8-1ubuntu1 [269 kB]
2% [1 nano 8349 B/269 kB 3%]72% [1 nano 242 kB/269 kB 90%]                              100% [Working]              Fetched 269 kB in 1s (314 kB/s)
debconf: delaying package configuration, since apt-utils is not installed
Selecting previously unselected package nano.
(Reading database ... (Reading database ... 5%(Reading database ... 10%(Reading database ... 15%(Reading database ... 20%(Reading database ... 25%(Reading database ... 30%(Reading database ... 35%(Reading database ... 40%(Reading database ... 45%(Reading database ... 50%(Reading database ... 55%(Reading database ... 60%(Reading database ... 65%(Reading database ... 70%(Reading database ... 75%(Reading database ... 80%(Reading database ... 85%(Reading database ... 90%(Reading database ... 95%(Reading database ... 100%(Reading database ... 4127 files and directories currently installed.)
Preparing to unpack .../nano_4.8-1ubuntu1_amd64.deb ...
Unpacking nano (4.8-1ubuntu1) ...
Setting up nano (4.8-1ubuntu1) ...
update-alternatives: using /bin/nano to provide /usr/bin/editor (editor) in auto mode
update-alternatives: warning: skip creation of /usr/share/man/man1/editor.1.gz because associated file /usr/share/man/man1/nano.1.gz (of link group editor) doesn't exist
update-alternatives: using /bin/nano to provide /usr/bin/pico (pico) in auto mode
update-alternatives: warning: skip creation of /usr/share/man/man1/pico.1.gz because associated file /usr/share/man/man1/nano.1.gz (of link group pico) doesn't exist
]0;root@0bfbb5cb5407: /root@0bfbb5cb5407:/# apt-get -y install nanonano /usr.src.app/index.js
[?2004h[?1049h[22;0;0t[1;36r(B[m[4l[?7h[39;49m[?1h=[?1h=[?25l[39;49m(B[m[H[2J[34;74H(B[0;1m[37m[41m[ Directory '/usr.src.app' does not exist ][39;49m(B[m[H(B[0;7m  GNU nano 4.8                                                                        /usr.src.app/index.js                                                                                  [1;188H(B[m[35d(B[0;7m^G(B[m Get Help[18G(B[0;7m^O(B[m Write Out     (B[0;7m^W(B[m Where Is[52G(B[0;7m^K(B[m Cut Text[69G(B[0;7m^J(B[m Justify[86G(B[0;7m^C(B[m Cur Pos[103G(B[0;7mM-U(B[m Undo[35;120H(B[0;7mM-A(B[m Mark Text    (B[0;7mM-](B[m To Bracket   (B[0;7mM-Q(B[m Previous     (B[0;7m^B(B[m Back[36d(B[0;7m^X(B[m Exit[36;18H(B[0;7m^R(B[m Read File     (B[0;7m^\(B[m Replace[52G(B[0;7m^U(B[m Paste Text    (B[0;7m^T(B[m To Spell[86G(B[0;7m^_(B[m Go To Line    (B[0;7mM-E(B[m Redo[36;120H(B[0;7mM-6(B[m Copy Text    (B[0;7m^Q(B[m Where Was     (B[0;7mM-W(B[m Next[36;171H(B[0;7m^F(B[m Forward[34d[2d[39;49m(B[m[?12l[?25h[?25l[34d[J[36d[?12l[?25h[36;1H[?1049l[23;0;0t[?1l>[?2004l]0;root@0bfbb5cb5407: /root@0bfbb5cb5407:/# [Kexit
exit
bash-3.2$ exit
exit

Script done on Sun Jan  2 14:50:51 2022
